// Jest Snapshot v1, https://goo.gl/fbAQLP

exports[`Slot.vue Slot with default text 1`] = `<button>test</button>`;

exports[`Slot.vue Slot with markup 1`] = `
<button>
  <p>test</p>
</button>
`;
